<!DOCTYPE html>
<html>
<head lang="en">
    <meta charset="UTF-8">
    <title></title>
    <link href="/styles/main.css?v=0.3.0">
    <link href="/styles/main.css?v=0.3.0">
</head>
<body>
    <img src="/images/logo.png?v=0.3.0">
    <img src="/images/logo.png?v=0.3.0">
    <script data-main="/scripts/main.js?v=0.3.0" src="/scripts/require123.js?v=0.3.0"></script>
    <script data-main="/scripts/main.js?v=0.3.0" src="/scripts/require.js"></script>
</body>
</html>