<!DOCTYPE html>
<html>
<head lang="en">
    <meta charset="UTF-8">
    <meta name="VCSTag" content="1.0.2.1">
    <title></title>
</head>
<body>

</body>
</html>