<!DOCTYPE html>
<html>
<head lang="en">
    <meta charset="UTF-8">
    <title></title>
    <link href="/styles/main.css?v=1.0.2.1">
    <link href="/styles/main.css?v=1.0.2.1">
</head>
<body>
    <img src="/images/logo.png?v=1.0.2.1">
    <img src="/images/logo.png?v=1.0.2.1">
    <script data-main="/scripts/main.js?v=1.0.2.1" src="/scripts/require123.js?v=1.0.2.1"></script>
    <script data-main="/scripts/main.js?v=1.0.2.1" src="/scripts/require.js"></script>
</body>
</html>